// Jest Snapshot v1, https://goo.gl/fbAQLP

exports[`renders correctly 1`] = `
Array [
  <div
    className="top"
  >
    <h1>
      Math Magicians
    </h1>
    <div
      className="links"
    >
      <a
        className="link"
        href="/"
        onClick={[Function]}
      >
        Home
      </a>
      <a
        className="link"
        href="/calculator"
        onClick={[Function]}
      >
        Calculator
      </a>
      <a
        className="link"
        href="/quote"
        onClick={[Function]}
      >
        Quote
      </a>
    </div>
  </div>,
  <div
    className="container"
  >
    <h2>
      Let's do some math!
    </h2>
    <div
      className="calculator"
    >
      <p
        className="display"
      >
        0
      </p>
      <div
        className="panel"
      >
        <div
          className="group"
        >
          <button
            onClick={[Function]}
            style={
              Object {
                "background": "orange",
                "font": "3rem 'Syne Mono'",
                "height": "100%",
                "textAlign": "center",
                "width": "25%",
              }
            }
            type="button"
          >
            AC
          </button>
          <button
            onClick={[Function]}
            style={
              Object {
                "background": "orange",
                "font": "3rem 'Syne Mono'",
                "height": "100%",
                "textAlign": "center",
                "width": "25%",
              }
            }
            type="button"
          >
            +/-
          </button>
          <button
            onClick={[Function]}
            style={
              Object {
                "background": "orange",
                "font": "3rem 'Syne Mono'",
                "height": "100%",
                "textAlign": "center",
                "width": "25%",
              }
            }
            type="button"
          >
            %
          </button>
          <button
            onClick={[Function]}
            style={
              Object {
                "background": "orange",
                "font": "3rem 'Syne Mono'",
                "height": "100%",
                "textAlign": "center",
                "width": "25%",
              }
            }
            type="button"
          >
            /
          </button>
        </div>
        <div
          className="group"
        >
          <button
            onClick={[Function]}
            style={
              Object {
                "background": "orange",
                "font": "3rem 'Syne Mono'",
                "height": "100%",
                "textAlign": "center",
                "width": "25%",
              }
            }
            type="button"
          >
            7
          </button>
          <button
            onClick={[Function]}
            style={
              Object {
                "background": "orange",
                "font": "3rem 'Syne Mono'",
                "height": "100%",
                "textAlign": "center",
                "width": "25%",
              }
            }
            type="button"
          >
            8
          </button>
          <button
            onClick={[Function]}
            style={
              Object {
                "background": "orange",
                "font": "3rem 'Syne Mono'",
                "height": "100%",
                "textAlign": "center",
                "width": "25%",
              }
            }
            type="button"
          >
            9
          </button>
          <button
            onClick={[Function]}
            style={
              Object {
                "background": "orange",
                "font": "3rem 'Syne Mono'",
                "height": "100%",
                "textAlign": "center",
                "width": "25%",
              }
            }
            type="button"
          >
            *
          </button>
        </div>
        <div
          className="group"
        >
          <button
            onClick={[Function]}
            style={
              Object {
                "background": "orange",
                "font": "3rem 'Syne Mono'",
                "height": "100%",
                "textAlign": "center",
                "width": "25%",
              }
            }
            type="button"
          >
            4
          </button>
          <button
            onClick={[Function]}
            style={
              Object {
                "background": "orange",
                "font": "3rem 'Syne Mono'",
                "height": "100%",
                "textAlign": "center",
                "width": "25%",
              }
            }
            type="button"
          >
            5
          </button>
          <button
            onClick={[Function]}
            style={
              Object {
                "background": "orange",
                "font": "3rem 'Syne Mono'",
                "height": "100%",
                "textAlign": "center",
                "width": "25%",
              }
            }
            type="button"
          >
            6
          </button>
          <button
            onClick={[Function]}
            style={
              Object {
                "background": "orange",
                "font": "3rem 'Syne Mono'",
                "height": "100%",
                "textAlign": "center",
                "width": "25%",
              }
            }
            type="button"
          >
            -
          </button>
        </div>
        <div
          className="group"
        >
          <button
            onClick={[Function]}
            style={
              Object {
                "background": "orange",
                "font": "3rem 'Syne Mono'",
                "height": "100%",
                "textAlign": "center",
                "width": "25%",
              }
            }
            type="button"
          >
            1
          </button>
          <button
            onClick={[Function]}
            style={
              Object {
                "background": "orange",
                "font": "3rem 'Syne Mono'",
                "height": "100%",
                "textAlign": "center",
                "width": "25%",
              }
            }
            type="button"
          >
            2
          </button>
          <button
            onClick={[Function]}
            style={
              Object {
                "background": "orange",
                "font": "3rem 'Syne Mono'",
                "height": "100%",
                "textAlign": "center",
                "width": "25%",
              }
            }
            type="button"
          >
            3
          </button>
          <button
            onClick={[Function]}
            style={
              Object {
                "background": "orange",
                "font": "3rem 'Syne Mono'",
                "height": "100%",
                "textAlign": "center",
                "width": "25%",
              }
            }
            type="button"
          >
            +
          </button>
        </div>
        <div
          className="group"
        >
          <button
            onClick={[Function]}
            style={
              Object {
                "background": "orange",
                "font": "3rem 'Syne Mono'",
                "height": "100%",
                "textAlign": "center",
                "width": "25%",
              }
            }
            type="button"
          >
            0
          </button>
          <button
            onClick={[Function]}
            style={
              Object {
                "background": "orange",
                "font": "3rem 'Syne Mono'",
                "height": "100%",
                "textAlign": "center",
                "width": "25%",
              }
            }
            type="button"
          >
            .
          </button>
          <button
            onClick={[Function]}
            style={
              Object {
                "background": "orange",
                "font": "3rem 'Syne Mono'",
                "height": "100%",
                "textAlign": "center",
                "width": "25%",
              }
            }
            type="button"
          >
            =
          </button>
        </div>
      </div>
    </div>
  </div>,
]
`;
